// Jest Snapshot v1, https://goo.gl/fbAQLP

exports[`pruebas en <GifGridItem /> debe de mostrar el componente correctamente 1`] = `
<div
  className="card animate__animated animate__rubberBand"
>
  <img
    alt="un titulo"
    src="http://localhost/algo.jpg"
  />
  <p>
    un titulo
  </p>
</div>
`;
